status 200
len 18061

<!doctype html>
<html lang="en">
<head>
  <meta charset="utf-8" />
  <meta name="viewport" content="width=device-width, initial-scale=1" />
  <title>JeevanCare — Patient Home</title>
  <!-- Google Fonts -->
  <link href="https://fonts.googleapis.com/css2?family=Poppins:wght@300;400;600;700&display=swap" rel="stylesheet">
  <!-- Bootstrap 5 CSS -->
  <link href="https://cdn.jsdelivr.net/npm/bootstrap@5.3.3/dist/css/bootstrap.min.css" rel="stylesheet">
  <!-- Font Awesome -->
  <link rel="stylesheet" href="https://cdnjs.cloudflare.com/ajax/libs/font-awesome/6.5.0/css/all.min.css" integrity="sha512-1ycn6IcaQQ40/MKBW2W4Rhis/DbILU74C1vSrLJxCq57o941Ym01SwNsOMqvEBFlcgUa6xLiPY/2wEAHQ4TQ3g==" crossorigin="anonymous" referrerpolicy="no-referrer" />
  <!-- AOS -->
  <link href="https://cdn.jsdelivr.net/npm/aos@2.3.4/dist/aos.css" rel="stylesheet">
  <!-- Custom CSS -->
  <link rel="stylesheet" href="/static/css/patient_home.css">
</head>
<body class="bg-light" style="--jc-primary:#2563eb; --jc-primary-2:#1e40af; --jc-accent:#10b981; font-family:'Poppins',sans-serif;">

  <!-- Navbar -->
  <nav class="navbar navbar-expand-lg navbar-light bg-white shadow-sm sticky-top py-2">
    <div class="container">
      <a class="navbar-brand fw-bold text-primary" href="/patient-home/">JeevanCare</a>
      <button class="navbar-toggler" type="button" data-bs-toggle="collapse" data-bs-target="#mainNavbar" aria-controls="mainNavbar" aria-expanded="false" aria-label="Toggle navigation">
        <span class="navbar-toggler-icon"></span>
      </button>
      <div class="collapse navbar-collapse" id="mainNavbar">
        <ul class="navbar-nav ms-auto mb-2 mb-lg-0 align-items-lg-center">
          <li class="nav-item"><a class="nav-link" href="#home">Home</a></li>
          <li class="nav-item"><a class="nav-link" href="#about">About</a></li>
          <li class="nav-item"><a class="nav-link" href="#services">Services</a></li>
          <li class="nav-item"><a class="nav-link" href="#doctors">Do